I'm sorry, but errors were detected in your script. Please correct the
errors listed below, and try again.


File "game/script.rpy", line 17: end of line expected.
    scene pociag.jpg
                ^

Ren'Py Version: Ren'Py 8.0.3.22090809
Thu Feb  9 18:28:29 2023
